<?xml version="1.0" encoding="ISO-8859-1" ?>
<link_info>
   <banner>MSP430 Linker PC v21.6.1.LTS</banner>
   <copyright>Copyright (c) 2003-2018 Texas Instruments Incorporated</copyright>
   <link_time>0x673381d0</link_time>
   <link_errors>0x0</link_errors>
   <output_file>Project 9.out</output_file>
   <entry_point>
      <name>_c_int00_noargs_mpu</name>
      <address>0x97c8</address>
   </entry_point>
   <input_file_list>
      <input_file id="fl-2">
         <path>.\</path>
         <kind>object</kind>
         <file>DAC.obj</file>
         <name>DAC.obj</name>
      </input_file>
      <input_file id="fl-3">
         <path>.\</path>
         <kind>object</kind>
         <file>UART.obj</file>
         <name>UART.obj</name>
      </input_file>
      <input_file id="fl-4">
         <path>.\</path>
         <kind>object</kind>
         <file>clocks.obj</file>
         <name>clocks.obj</name>
      </input_file>
      <input_file id="fl-5">
         <path>.\</path>
         <kind>object</kind>
         <file>display.obj</file>
         <name>display.obj</name>
      </input_file>
      <input_file id="fl-6">
         <path>.\</path>
         <kind>object</kind>
         <file>function.obj</file>
         <name>function.obj</name>
      </input_file>
      <input_file id="fl-7">
         <path>.\</path>
         <kind>object</kind>
         <file>init.obj</file>
         <name>init.obj</name>
      </input_file>
      <input_file id="fl-8">
         <path>.\</path>
         <kind>object</kind>
         <file>led.obj</file>
         <name>led.obj</name>
      </input_file>
      <input_file id="fl-9">
         <path>.\</path>
         <kind>object</kind>
         <file>main.obj</file>
         <name>main.obj</name>
      </input_file>
      <input_file id="fl-a">
         <path>.\</path>
         <kind>object</kind>
         <file>ports.obj</file>
         <name>ports.obj</name>
      </input_file>
      <input_file id="fl-b">
         <path>.\</path>
         <kind>object</kind>
         <file>pwm.obj</file>
         <name>pwm.obj</name>
      </input_file>
      <input_file id="fl-c">
         <path>.\</path>
         <kind>object</kind>
         <file>switches.obj</file>
         <name>switches.obj</name>
      </input_file>
      <input_file id="fl-d">
         <path>.\</path>
         <kind>object</kind>
         <file>timers.obj</file>
         <name>timers.obj</name>
      </input_file>
      <input_file id="fl-e">
         <path>..\Compiled\</path>
         <kind>object</kind>
         <file>LCD.obj</file>
         <name>LCD.obj</name>
      </input_file>
      <input_file id="fl-f">
         <path>..\Compiled\</path>
         <kind>object</kind>
         <file>system.obj</file>
         <name>system.obj</name>
      </input_file>
      <input_file id="fl-15">
         <kind>object</kind>
         <file>&lt;internal&gt;</file>
         <name>&lt;internal&gt;</name>
      </input_file>
      <input_file id="fl-30">
         <path>C:\ti\ccs1280\ccs\tools\compiler\ti-cgt-msp430_21.6.1.LTS\lib\</path>
         <kind>archive</kind>
         <file>rts430x_lc_sd_eabi.lib</file>
         <name>copy_decompress_lzss.c.obj</name>
      </input_file>
      <input_file id="fl-31">
         <path>C:\ti\ccs1280\ccs\tools\compiler\ti-cgt-msp430_21.6.1.LTS\lib\</path>
         <kind>archive</kind>
         <file>rts430x_lc_sd_eabi.lib</file>
         <name>copy_decompress_none.c.obj</name>
      </input_file>
      <input_file id="fl-32">
         <path>C:\ti\ccs1280\ccs\tools\compiler\ti-cgt-msp430_21.6.1.LTS\lib\</path>
         <kind>archive</kind>
         <file>rts430x_lc_sd_eabi.lib</file>
         <name>int23.asm.obj</name>
      </input_file>
      <input_file id="fl-33">
         <path>C:\ti\ccs1280\ccs\tools\compiler\ti-cgt-msp430_21.6.1.LTS\lib\</path>
         <kind>archive</kind>
         <file>rts430x_lc_sd_eabi.lib</file>
         <name>isr_trap.asm.obj</name>
      </input_file>
      <input_file id="fl-34">
         <path>C:\ti\ccs1280\ccs\tools\compiler\ti-cgt-msp430_21.6.1.LTS\lib\</path>
         <kind>archive</kind>
         <file>rts430x_lc_sd_eabi.lib</file>
         <name>int25.asm.obj</name>
      </input_file>
      <input_file id="fl-35">
         <path>C:\ti\ccs1280\ccs\tools\compiler\ti-cgt-msp430_21.6.1.LTS\lib\</path>
         <kind>archive</kind>
         <file>rts430x_lc_sd_eabi.lib</file>
         <name>int26.asm.obj</name>
      </input_file>
      <input_file id="fl-36">
         <path>C:\ti\ccs1280\ccs\tools\compiler\ti-cgt-msp430_21.6.1.LTS\lib\</path>
         <kind>archive</kind>
         <file>rts430x_lc_sd_eabi.lib</file>
         <name>int27.asm.obj</name>
      </input_file>
      <input_file id="fl-37">
         <path>C:\ti\ccs1280\ccs\tools\compiler\ti-cgt-msp430_21.6.1.LTS\lib\</path>
         <kind>archive</kind>
         <file>rts430x_lc_sd_eabi.lib</file>
         <name>int28.asm.obj</name>
      </input_file>
      <input_file id="fl-38">
         <path>C:\ti\ccs1280\ccs\tools\compiler\ti-cgt-msp430_21.6.1.LTS\lib\</path>
         <kind>archive</kind>
         <file>rts430x_lc_sd_eabi.lib</file>
         <name>int30.asm.obj</name>
      </input_file>
      <input_file id="fl-39">
         <path>C:\ti\ccs1280\ccs\tools\compiler\ti-cgt-msp430_21.6.1.LTS\lib\</path>
         <kind>archive</kind>
         <file>rts430x_lc_sd_eabi.lib</file>
         <name>int31.asm.obj</name>
      </input_file>
      <input_file id="fl-3a">
         <path>C:\ti\ccs1280\ccs\tools\compiler\ti-cgt-msp430_21.6.1.LTS\lib\</path>
         <kind>archive</kind>
         <file>rts430x_lc_sd_eabi.lib</file>
         <name>int34.asm.obj</name>
      </input_file>
      <input_file id="fl-3b">
         <path>C:\ti\ccs1280\ccs\tools\compiler\ti-cgt-msp430_21.6.1.LTS\lib\</path>
         <kind>archive</kind>
         <file>rts430x_lc_sd_eabi.lib</file>
         <name>int35.asm.obj</name>
      </input_file>
      <input_file id="fl-3c">
         <path>C:\ti\ccs1280\ccs\tools\compiler\ti-cgt-msp430_21.6.1.LTS\lib\</path>
         <kind>archive</kind>
         <file>rts430x_lc_sd_eabi.lib</file>
         <name>int36.asm.obj</name>
      </input_file>
      <input_file id="fl-3d">
         <path>C:\ti\ccs1280\ccs\tools\compiler\ti-cgt-msp430_21.6.1.LTS\lib\</path>
         <kind>archive</kind>
         <file>rts430x_lc_sd_eabi.lib</file>
         <name>int37.asm.obj</name>
      </input_file>
      <input_file id="fl-3e">
         <path>C:\ti\ccs1280\ccs\tools\compiler\ti-cgt-msp430_21.6.1.LTS\lib\</path>
         <kind>archive</kind>
         <file>rts430x_lc_sd_eabi.lib</file>
         <name>int38.asm.obj</name>
      </input_file>
      <input_file id="fl-3f">
         <path>C:\ti\ccs1280\ccs\tools\compiler\ti-cgt-msp430_21.6.1.LTS\lib\</path>
         <kind>archive</kind>
         <file>rts430x_lc_sd_eabi.lib</file>
         <name>int39.asm.obj</name>
      </input_file>
      <input_file id="fl-40">
         <path>C:\ti\ccs1280\ccs\tools\compiler\ti-cgt-msp430_21.6.1.LTS\lib\</path>
         <kind>archive</kind>
         <file>rts430x_lc_sd_eabi.lib</file>
         <name>int40.asm.obj</name>
      </input_file>
      <input_file id="fl-41">
         <path>C:\ti\ccs1280\ccs\tools\compiler\ti-cgt-msp430_21.6.1.LTS\lib\</path>
         <kind>archive</kind>
         <file>rts430x_lc_sd_eabi.lib</file>
         <name>int41.asm.obj</name>
      </input_file>
      <input_file id="fl-42">
         <path>C:\ti\ccs1280\ccs\tools\compiler\ti-cgt-msp430_21.6.1.LTS\lib\</path>
         <kind>archive</kind>
         <file>rts430x_lc_sd_eabi.lib</file>
         <name>int44.asm.obj</name>
      </input_file>
      <input_file id="fl-43">
         <path>C:\ti\ccs1280\ccs\tools\compiler\ti-cgt-msp430_21.6.1.LTS\lib\</path>
         <kind>archive</kind>
         <file>rts430x_lc_sd_eabi.lib</file>
         <name>int45.asm.obj</name>
      </input_file>
      <input_file id="fl-44">
         <path>C:\ti\ccs1280\ccs\tools\compiler\ti-cgt-msp430_21.6.1.LTS\lib\</path>
         <kind>archive</kind>
         <file>rts430x_lc_sd_eabi.lib</file>
         <name>copy_zero_init.c.obj</name>
      </input_file>
      <input_file id="fl-45">
         <path>C:\ti\ccs1280\ccs\tools\compiler\ti-cgt-msp430_21.6.1.LTS\lib\</path>
         <kind>archive</kind>
         <file>rts430x_lc_sd_eabi.lib</file>
         <name>cpy_util.asm.obj</name>
      </input_file>
      <input_file id="fl-46">
         <path>C:\ti\ccs1280\ccs\tools\compiler\ti-cgt-msp430_21.6.1.LTS\lib\</path>
         <kind>archive</kind>
         <file>rts430x_lc_sd_eabi.lib</file>
         <name>mult16.asm.obj</name>
      </input_file>
      <input_file id="fl-47">
         <path>C:\ti\ccs1280\ccs\tools\compiler\ti-cgt-msp430_21.6.1.LTS\lib\</path>
         <kind>archive</kind>
         <file>rts430x_lc_sd_eabi.lib</file>
         <name>mult16_f5hw.asm.obj</name>
      </input_file>
      <input_file id="fl-48">
         <path>C:\ti\ccs1280\ccs\tools\compiler\ti-cgt-msp430_21.6.1.LTS\lib\</path>
         <kind>archive</kind>
         <file>rts430x_lc_sd_eabi.lib</file>
         <name>mult32.asm.obj</name>
      </input_file>
      <input_file id="fl-49">
         <path>C:\ti\ccs1280\ccs\tools\compiler\ti-cgt-msp430_21.6.1.LTS\lib\</path>
         <kind>archive</kind>
         <file>rts430x_lc_sd_eabi.lib</file>
         <name>mult32_f5hw.asm.obj</name>
      </input_file>
      <input_file id="fl-4a">
         <path>C:\ti\ccs1280\ccs\tools\compiler\ti-cgt-msp430_21.6.1.LTS\lib\</path>
         <kind>archive</kind>
         <file>rts430x_lc_sd_eabi.lib</file>
         <name>mult64_f5hw.asm.obj</name>
      </input_file>
      <input_file id="fl-4b">
         <path>C:\ti\ccs1280\ccs\tools\compiler\ti-cgt-msp430_21.6.1.LTS\lib\</path>
         <kind>archive</kind>
         <file>rts430x_lc_sd_eabi.lib</file>
         <name>mult1632_f5hw.asm.obj</name>
      </input_file>
      <input_file id="fl-4c">
         <path>C:\ti\ccs1280\ccs\tools\compiler\ti-cgt-msp430_21.6.1.LTS\lib\</path>
         <kind>archive</kind>
         <file>rts430x_lc_sd_eabi.lib</file>
         <name>mult3264_f5hw.asm.obj</name>
      </input_file>
      <input_file id="fl-4d">
         <path>C:\ti\ccs1280\ccs\tools\compiler\ti-cgt-msp430_21.6.1.LTS\lib\</path>
         <kind>archive</kind>
         <file>rts430x_lc_sd_eabi.lib</file>
         <name>div16u.asm.obj</name>
      </input_file>
      <input_file id="fl-4e">
         <path>C:\ti\ccs1280\ccs\tools\compiler\ti-cgt-msp430_21.6.1.LTS\lib\</path>
         <kind>archive</kind>
         <file>rts430x_lc_sd_eabi.lib</file>
         <name>boot.c.obj</name>
      </input_file>
      <input_file id="fl-4f">
         <path>C:\ti\ccs1280\ccs\ccs_base\msp430\lib\FR2xx\</path>
         <kind>archive</kind>
         <file>FRWP_INIT_LIB_CCS_msp430_large_code_small_data.lib</file>
         <name>frwp_init.obj</name>
      </input_file>
      <input_file id="fl-50">
         <path>C:\ti\ccs1280\ccs\tools\compiler\ti-cgt-msp430_21.6.1.LTS\lib\</path>
         <kind>archive</kind>
         <file>rts430x_lc_sd_eabi.lib</file>
         <name>args_main.c.obj</name>
      </input_file>
      <input_file id="fl-51">
         <path>C:\ti\ccs1280\ccs\tools\compiler\ti-cgt-msp430_21.6.1.LTS\lib\</path>
         <kind>archive</kind>
         <file>rts430x_lc_sd_eabi.lib</file>
         <name>autoinit.c.obj</name>
      </input_file>
      <input_file id="fl-52">
         <path>C:\ti\ccs1280\ccs\tools\compiler\ti-cgt-msp430_21.6.1.LTS\lib\</path>
         <kind>archive</kind>
         <file>rts430x_lc_sd_eabi.lib</file>
         <name>startup.c.obj</name>
      </input_file>
      <input_file id="fl-53">
         <path>C:\ti\ccs1280\ccs\tools\compiler\ti-cgt-msp430_21.6.1.LTS\lib\</path>
         <kind>archive</kind>
         <file>rts430x_lc_sd_eabi.lib</file>
         <name>pre_init.c.obj</name>
      </input_file>
      <input_file id="fl-54">
         <path>C:\ti\ccs1280\ccs\tools\compiler\ti-cgt-msp430_21.6.1.LTS\lib\</path>
         <kind>archive</kind>
         <file>rts430x_lc_sd_eabi.lib</file>
         <name>cpy_tbl.c.obj</name>
      </input_file>
      <input_file id="fl-55">
         <path>C:\ti\ccs1280\ccs\tools\compiler\ti-cgt-msp430_21.6.1.LTS\lib\</path>
         <kind>archive</kind>
         <file>rts430x_lc_sd_eabi.lib</file>
         <name>exit.c.obj</name>
      </input_file>
      <input_file id="fl-56">
         <path>C:\ti\ccs1280\ccs\tools\compiler\ti-cgt-msp430_21.6.1.LTS\lib\</path>
         <kind>archive</kind>
         <file>rts430x_lc_sd_eabi.lib</file>
         <name>exit_gvars.c.obj</name>
      </input_file>
      <input_file id="fl-57">
         <path>C:\ti\ccs1280\ccs\tools\compiler\ti-cgt-msp430_21.6.1.LTS\lib\</path>
         <kind>archive</kind>
         <file>rts430x_lc_sd_eabi.lib</file>
         <name>_lock.c.obj</name>
      </input_file>
      <input_file id="fl-58">
         <path>C:\ti\ccs1280\ccs\tools\compiler\ti-cgt-msp430_21.6.1.LTS\lib\</path>
         <kind>archive</kind>
         <file>rts430x_lc_sd_eabi.lib</file>
         <name>memcpy.c.obj</name>
      </input_file>
      <input_file id="fl-59">
         <path>C:\ti\ccs1280\ccs\tools\compiler\ti-cgt-msp430_21.6.1.LTS\lib\</path>
         <kind>archive</kind>
         <file>rts430x_lc_sd_eabi.lib</file>
         <name>strcmp.c.obj</name>
      </input_file>
      <input_file id="fl-5a">
         <path>C:\ti\ccs1280\ccs\tools\compiler\ti-cgt-msp430_21.6.1.LTS\lib\</path>
         <kind>archive</kind>
         <file>rts430x_lc_sd_eabi.lib</file>
         <name>strcpy.c.obj</name>
      </input_file>
   </input_file_list>
   <object_component_list>
      <object_component id="oc-7f5">
         <name>.cinit..data.load</name>
         <load_address>0x8000</load_address>
         <run_address>0x8000</run_address>
         <size>0x1a</size>
      </object_component>
      <object_component id="oc-7f2">
         <name>__TI_handler_table</name>
         <load_address>0x801a</load_address>
         <run_address>0x801a</run_address>
         <size>0xc</size>
      </object_component>
      <object_component id="oc-7f4">
         <name>.cinit..bss.load</name>
         <load_address>0x8026</load_address>
         <run_address>0x8026</run_address>
         <size>0x6</size>
      </object_component>
      <object_component id="oc-7f3">
         <name>__TI_cinit_table</name>
         <load_address>0x802c</load_address>
         <run_address>0x802c</run_address>
         <size>0x10</size>
      </object_component>
      <object_component id="oc-792">
         <name>.binit</name>
         <load_address>0x803c</load_address>
         <run_address>0x803c</run_address>
         <size>0x0</size>
      </object_component>
      <object_component id="oc-648">
         <name>.const:.string</name>
         <load_address>0x803c</load_address>
         <run_address>0x803c</run_address>
         <size>0x54</size>
         <input_file_ref idref="fl-3"/>
      </object_component>
      <object_component id="oc-560">
         <name>.const:.string</name>
         <load_address>0x8090</load_address>
         <run_address>0x8090</run_address>
         <size>0x38</size>
         <input_file_ref idref="fl-9"/>
      </object_component>
      <object_component id="oc-721">
         <name>.const:.string</name>
         <load_address>0x80c8</load_address>
         <run_address>0x80c8</run_address>
         <size>0x2a</size>
         <input_file_ref idref="fl-b"/>
      </object_component>
      <object_component id="oc-66">
         <name>.text:decompress:lzss:__TI_decompress_lzss</name>
         <load_address>0x80f2</load_address>
         <run_address>0x80f2</run_address>
         <size>0xee</size>
         <input_file_ref idref="fl-30"/>
      </object_component>
      <object_component id="oc-65b">
         <name>.text:read_commands</name>
         <load_address>0x81e0</load_address>
         <run_address>0x81e0</run_address>
         <size>0xde</size>
         <input_file_ref idref="fl-9"/>
      </object_component>
      <object_component id="oc-70c">
         <name>.text:read_iot_commands</name>
         <load_address>0x82be</load_address>
         <run_address>0x82be</run_address>
         <size>0xde</size>
         <input_file_ref idref="fl-9"/>
      </object_component>
      <object_component id="oc-57f">
         <name>.text:read_iot</name>
         <load_address>0x839c</load_address>
         <run_address>0x839c</run_address>
         <size>0xd4</size>
         <input_file_ref idref="fl-9"/>
      </object_component>
      <object_component id="oc-579">
         <name>.text:read_usb</name>
         <load_address>0x8470</load_address>
         <run_address>0x8470</run_address>
         <size>0xd0</size>
         <input_file_ref idref="fl-9"/>
      </object_component>
      <object_component id="oc-54d">
         <name>.text:Init_LCD</name>
         <load_address>0x8540</load_address>
         <run_address>0x8540</run_address>
         <size>0xc4</size>
         <input_file_ref idref="fl-e"/>
      </object_component>
      <object_component id="oc-5fc">
         <name>.text:Software_Trim</name>
         <load_address>0x8604</load_address>
         <run_address>0x8604</run_address>
         <size>0xbe</size>
         <input_file_ref idref="fl-4"/>
      </object_component>
      <object_component id="oc-5d7">
         <name>.text:Init_Port2</name>
         <load_address>0x86c2</load_address>
         <run_address>0x86c2</run_address>
         <size>0xa2</size>
         <input_file_ref idref="fl-a"/>
      </object_component>
      <object_component id="oc-567">
         <name>.text:init_iot</name>
         <load_address>0x8764</load_address>
         <run_address>0x8764</run_address>
         <size>0x9e</size>
         <input_file_ref idref="fl-3"/>
      </object_component>
      <object_component id="oc-5dd">
         <name>.text:Init_Port3</name>
         <load_address>0x8802</load_address>
         <run_address>0x8802</run_address>
         <size>0x8c</size>
         <input_file_ref idref="fl-a"/>
      </object_component>
      <object_component id="oc-5e3">
         <name>.text:Init_Port4</name>
         <load_address>0x888e</load_address>
         <run_address>0x888e</run_address>
         <size>0x86</size>
         <input_file_ref idref="fl-a"/>
      </object_component>
      <object_component id="oc-5ef">
         <name>.text:Init_Port6</name>
         <load_address>0x8914</load_address>
         <run_address>0x8914</run_address>
         <size>0x80</size>
         <input_file_ref idref="fl-a"/>
      </object_component>
      <object_component id="oc-585">
         <name>.text:execute</name>
         <load_address>0x8994</load_address>
         <run_address>0x8994</run_address>
         <size>0x80</size>
         <input_file_ref idref="fl-9"/>
      </object_component>
      <object_component id="oc-4f4">
         <name>.text:main</name>
         <load_address>0x8a14</load_address>
         <run_address>0x8a14</run_address>
         <size>0x7c</size>
         <input_file_ref idref="fl-9"/>
      </object_component>
      <object_component id="oc-5d1">
         <name>.text:Init_Port1</name>
         <load_address>0x8a90</load_address>
         <run_address>0x8a90</run_address>
         <size>0x78</size>
         <input_file_ref idref="fl-a"/>
      </object_component>
      <object_component id="oc-5f5">
         <name>.text:Init_ADC</name>
         <load_address>0x8b08</load_address>
         <run_address>0x8b08</run_address>
         <size>0x6e</size>
         <input_file_ref idref="fl-a"/>
      </object_component>
      <object_component id="oc-5b0">
         <name>.text:__TI_auto_init_nobinit_nopinit_hold_wdt:__TI_auto_init_nobinit_nopinit_hold_wdt</name>
         <load_address>0x8b76</load_address>
         <run_address>0x8b76</run_address>
         <size>0x6a</size>
         <input_file_ref idref="fl-51"/>
      </object_component>
      <object_component id="oc-535">
         <name>.text:Init_Clocks</name>
         <load_address>0x8be0</load_address>
         <run_address>0x8be0</run_address>
         <size>0x68</size>
         <input_file_ref idref="fl-4"/>
      </object_component>
      <object_component id="oc-4b2">
         <name>.text:Switch1_Select</name>
         <load_address>0x8c48</load_address>
         <run_address>0x8c48</run_address>
         <size>0x64</size>
         <input_file_ref idref="fl-c"/>
      </object_component>
      <object_component id="oc-5e9">
         <name>.text:Init_Port5</name>
         <load_address>0x8cac</load_address>
         <run_address>0x8cac</run_address>
         <size>0x62</size>
         <input_file_ref idref="fl-a"/>
      </object_component>
      <object_component id="oc-675">
         <name>.text:run_45</name>
         <load_address>0x8d0e</load_address>
         <run_address>0x8d0e</run_address>
         <size>0x60</size>
         <input_file_ref idref="fl-b"/>
      </object_component>
      <object_component id="oc-66f">
         <name>.text:run_90</name>
         <load_address>0x8d6e</load_address>
         <run_address>0x8d6e</run_address>
         <size>0x60</size>
         <input_file_ref idref="fl-b"/>
      </object_component>
      <object_component id="oc-67b">
         <name>.text:run_backward</name>
         <load_address>0x8dce</load_address>
         <run_address>0x8dce</run_address>
         <size>0x60</size>
         <input_file_ref idref="fl-b"/>
      </object_component>
      <object_component id="oc-681">
         <name>.text:run_forward</name>
         <load_address>0x8e2e</load_address>
         <run_address>0x8e2e</run_address>
         <size>0x60</size>
         <input_file_ref idref="fl-b"/>
      </object_component>
      <object_component id="oc-541">
         <name>.text:Init_DAC</name>
         <load_address>0x8e8e</load_address>
         <run_address>0x8e8e</run_address>
         <size>0x58</size>
         <input_file_ref idref="fl-2"/>
      </object_component>
      <object_component id="oc-53b">
         <name>.text:Init_Conditions</name>
         <load_address>0x8ee6</load_address>
         <run_address>0x8ee6</run_address>
         <size>0x52</size>
         <input_file_ref idref="fl-7"/>
      </object_component>
      <object_component id="oc-612">
         <name>.text:Init_Timer_B3</name>
         <load_address>0x8f38</load_address>
         <run_address>0x8f38</run_address>
         <size>0x4c</size>
         <input_file_ref idref="fl-d"/>
      </object_component>
      <object_component id="oc-559">
         <name>.text:Init_Serial_UCA0</name>
         <load_address>0x8f84</load_address>
         <run_address>0x8f84</run_address>
         <size>0x4a</size>
         <input_file_ref idref="fl-3"/>
      </object_component>
      <object_component id="oc-553">
         <name>.text:Init_Serial_UCA1</name>
         <load_address>0x8fce</load_address>
         <run_address>0x8fce</run_address>
         <size>0x4a</size>
         <input_file_ref idref="fl-3"/>
      </object_component>
      <object_component id="oc-64b">
         <name>.text:Display_Update</name>
         <load_address>0x9018</load_address>
         <run_address>0x9018</run_address>
         <size>0x44</size>
         <input_file_ref idref="fl-e"/>
      </object_component>
      <object_component id="oc-619">
         <name>.text:Init_SPI_B1</name>
         <load_address>0x905c</load_address>
         <run_address>0x905c</run_address>
         <size>0x40</size>
         <input_file_ref idref="fl-e"/>
      </object_component>
      <object_component id="oc-42b">
         <name>.text:__memcpy_far</name>
         <load_address>0x909c</load_address>
         <run_address>0x909c</run_address>
         <size>0x40</size>
         <input_file_ref idref="fl-45"/>
      </object_component>
      <object_component id="oc-466">
         <name>.text:decompress:ZI:__TI_zero_init_nomemset:__TI_zero_init_nomemset</name>
         <load_address>0x90dc</load_address>
         <run_address>0x90dc</run_address>
         <size>0x3e</size>
         <input_file_ref idref="fl-44"/>
      </object_component>
      <object_component id="oc-506">
         <name>.text:__mpu_init</name>
         <load_address>0x911a</load_address>
         <run_address>0x911a</run_address>
         <size>0x3c</size>
         <input_file_ref idref="fl-4f"/>
      </object_component>
      <object_component id="oc-6c">
         <name>.text:decompress:none:__TI_decompress_none</name>
         <load_address>0x9156</load_address>
         <run_address>0x9156</run_address>
         <size>0x3c</size>
         <input_file_ref idref="fl-31"/>
      </object_component>
      <object_component id="oc-664">
         <name>.text:read_cmd_process</name>
         <load_address>0x9192</load_address>
         <run_address>0x9192</run_address>
         <size>0x34</size>
         <input_file_ref idref="fl-9"/>
      </object_component>
      <object_component id="oc-60c">
         <name>.text:Init_Timer_B0</name>
         <load_address>0x91c6</load_address>
         <run_address>0x91c6</run_address>
         <size>0x32</size>
         <input_file_ref idref="fl-d"/>
      </object_component>
      <object_component id="oc-687">
         <name>.text:run_stop</name>
         <load_address>0x91f8</load_address>
         <run_address>0x91f8</run_address>
         <size>0x32</size>
         <input_file_ref idref="fl-b"/>
      </object_component>
      <object_component id="oc-71b">
         <name>.text:wheel_speed</name>
         <load_address>0x922a</load_address>
         <run_address>0x922a</run_address>
         <size>0x30</size>
         <input_file_ref idref="fl-b"/>
      </object_component>
      <object_component id="oc-75c">
         <name>.text:WriteData</name>
         <load_address>0x925a</load_address>
         <run_address>0x925a</run_address>
         <size>0x28</size>
         <input_file_ref idref="fl-e"/>
      </object_component>
      <object_component id="oc-631">
         <name>.text:WriteIns</name>
         <load_address>0x9282</load_address>
         <run_address>0x9282</run_address>
         <size>0x28</size>
         <input_file_ref idref="fl-e"/>
      </object_component>
      <object_component id="oc-76d">
         <name>.text</name>
         <load_address>0x92aa</load_address>
         <run_address>0x92aa</run_address>
         <size>0x24</size>
         <input_file_ref idref="fl-49"/>
      </object_component>
      <object_component id="oc-573">
         <name>.text:Display_Process</name>
         <load_address>0x92ce</load_address>
         <run_address>0x92ce</run_address>
         <size>0x22</size>
         <input_file_ref idref="fl-5"/>
      </object_component>
      <object_component id="oc-52f">
         <name>.text:Init_Ports</name>
         <load_address>0x92f0</load_address>
         <run_address>0x92f0</run_address>
         <size>0x1e</size>
         <input_file_ref idref="fl-a"/>
      </object_component>
      <object_component id="oc-715">
         <name>.text:popqueue</name>
         <load_address>0x930e</load_address>
         <run_address>0x930e</run_address>
         <size>0x1e</size>
         <input_file_ref idref="fl-9"/>
      </object_component>
      <object_component id="oc-6d8">
         <name>.text:SPI_B1_write</name>
         <load_address>0x932c</load_address>
         <run_address>0x932c</run_address>
         <size>0x1c</size>
         <input_file_ref idref="fl-e"/>
      </object_component>
      <object_component id="oc-6fb">
         <name>.text:lcd_out</name>
         <load_address>0x9348</load_address>
         <run_address>0x9348</run_address>
         <size>0x1c</size>
         <input_file_ref idref="fl-e"/>
      </object_component>
      <object_component id="oc-765">
         <name>.text:pushqueue</name>
         <load_address>0x9364</load_address>
         <run_address>0x9364</run_address>
         <size>0x1a</size>
         <input_file_ref idref="fl-9"/>
      </object_component>
      <object_component id="oc-6df">
         <name>.text:ClrDisplay_Buffer_0</name>
         <load_address>0x937e</load_address>
         <run_address>0x937e</run_address>
         <size>0x18</size>
         <input_file_ref idref="fl-e"/>
      </object_component>
      <object_component id="oc-6e5">
         <name>.text:ClrDisplay_Buffer_1</name>
         <load_address>0x9396</load_address>
         <run_address>0x9396</run_address>
         <size>0x18</size>
         <input_file_ref idref="fl-e"/>
      </object_component>
      <object_component id="oc-6eb">
         <name>.text:ClrDisplay_Buffer_2</name>
         <load_address>0x93ae</load_address>
         <run_address>0x93ae</run_address>
         <size>0x18</size>
         <input_file_ref idref="fl-e"/>
      </object_component>
      <object_component id="oc-6f1">
         <name>.text:ClrDisplay_Buffer_3</name>
         <load_address>0x93c6</load_address>
         <run_address>0x93c6</run_address>
         <size>0x18</size>
         <input_file_ref idref="fl-e"/>
      </object_component>
      <object_component id="oc-652">
         <name>.text</name>
         <load_address>0x93de</load_address>
         <run_address>0x93de</run_address>
         <size>0x18</size>
         <input_file_ref idref="fl-47"/>
      </object_component>
      <object_component id="oc-705">
         <name>.text:strcmp</name>
         <load_address>0x93f6</load_address>
         <run_address>0x93f6</run_address>
         <size>0x18</size>
         <input_file_ref idref="fl-59"/>
      </object_component>
      <object_component id="oc-637">
         <name>.text:ClrDisplay</name>
         <load_address>0x940e</load_address>
         <run_address>0x940e</run_address>
         <size>0x16</size>
         <input_file_ref idref="fl-e"/>
      </object_component>
      <object_component id="oc-4e0">
         <name>.text</name>
         <load_address>0x9424</load_address>
         <run_address>0x9424</run_address>
         <size>0x16</size>
         <input_file_ref idref="fl-4d"/>
      </object_component>
      <object_component id="oc-625">
         <name>.text:spi_chipselect_idle</name>
         <load_address>0x943a</load_address>
         <run_address>0x943a</run_address>
         <size>0x16</size>
         <input_file_ref idref="fl-e"/>
      </object_component>
      <object_component id="oc-6d2">
         <name>.text:spi_chipselect_active</name>
         <load_address>0x9450</load_address>
         <run_address>0x9450</run_address>
         <size>0x12</size>
         <input_file_ref idref="fl-e"/>
      </object_component>
      <object_component id="oc-561">
         <name>.text:strcpy</name>
         <load_address>0x9462</load_address>
         <run_address>0x9462</run_address>
         <size>0x10</size>
         <input_file_ref idref="fl-5a"/>
      </object_component>
      <object_component id="oc-63d">
         <name>.text:DisplayOnOff</name>
         <load_address>0x9472</load_address>
         <run_address>0x9472</run_address>
         <size>0xe</size>
         <input_file_ref idref="fl-e"/>
      </object_component>
      <object_component id="oc-547">
         <name>.text:Init_Timers</name>
         <load_address>0x9480</load_address>
         <run_address>0x9480</run_address>
         <size>0xa</size>
         <input_file_ref idref="fl-d"/>
      </object_component>
      <object_component id="oc-604">
         <name>.text:enable_interrupts</name>
         <load_address>0x948a</load_address>
         <run_address>0x948a</run_address>
         <size>0x8</size>
         <input_file_ref idref="fl-f"/>
      </object_component>
      <object_component id="oc-4bd">
         <name>.text:Switch2_Select</name>
         <load_address>0x9492</load_address>
         <run_address>0x9492</run_address>
         <size>0x6</size>
         <input_file_ref idref="fl-c"/>
      </object_component>
      <object_component id="oc-58c">
         <name>.text:abort</name>
         <load_address>0x9498</load_address>
         <run_address>0x9498</run_address>
         <size>0x6</size>
         <input_file_ref idref="fl-55"/>
      </object_component>
      <object_component id="oc-62b">
         <name>.text:spi_reset_active</name>
         <load_address>0x949e</load_address>
         <run_address>0x949e</run_address>
         <size>0x6</size>
         <input_file_ref idref="fl-e"/>
      </object_component>
      <object_component id="oc-61f">
         <name>.text:spi_reset_idle</name>
         <load_address>0x94a4</load_address>
         <run_address>0x94a4</run_address>
         <size>0x6</size>
         <input_file_ref idref="fl-e"/>
      </object_component>
      <object_component id="oc-4ee">
         <name>.text:_system_pre_init</name>
         <load_address>0x94aa</load_address>
         <run_address>0x94aa</run_address>
         <size>0x4</size>
         <input_file_ref idref="fl-53"/>
      </object_component>
      <object_component id="oc-56d">
         <name>.text:Switches_Process</name>
         <load_address>0x94ae</load_address>
         <run_address>0x94ae</run_address>
         <size>0x2</size>
         <input_file_ref idref="fl-c"/>
      </object_component>
      <object_component id="oc-6a0">
         <name>.text:_system_post_cinit</name>
         <load_address>0x94b0</load_address>
         <run_address>0x94b0</run_address>
         <size>0x2</size>
         <input_file_ref idref="fl-52"/>
      </object_component>
      <object_component id="oc-448">
         <name>.text:_isr:ADC_ISR</name>
         <load_address>0x94b2</load_address>
         <run_address>0x94b2</run_address>
         <size>0x92</size>
         <input_file_ref idref="fl-d"/>
      </object_component>
      <object_component id="oc-44e">
         <name>.text:_isr:eUSCI_A1_ISR</name>
         <load_address>0x9544</load_address>
         <run_address>0x9544</run_address>
         <size>0x90</size>
         <input_file_ref idref="fl-3"/>
      </object_component>
      <object_component id="oc-45a">
         <name>.text:_isr:TIMER0_B1_ISR</name>
         <load_address>0x95d4</load_address>
         <run_address>0x95d4</run_address>
         <size>0x84</size>
         <input_file_ref idref="fl-d"/>
      </object_component>
      <object_component id="oc-460">
         <name>.text:_isr:Timer0_B0_ISR</name>
         <load_address>0x9658</load_address>
         <run_address>0x9658</run_address>
         <size>0x74</size>
         <input_file_ref idref="fl-d"/>
      </object_component>
      <object_component id="oc-454">
         <name>.text:_isr:eUSCI_A0_ISR</name>
         <load_address>0x96cc</load_address>
         <run_address>0x96cc</run_address>
         <size>0x74</size>
         <input_file_ref idref="fl-3"/>
      </object_component>
      <object_component id="oc-437">
         <name>.text:_isr:switch1_interrupt</name>
         <load_address>0x9740</load_address>
         <run_address>0x9740</run_address>
         <size>0x44</size>
         <input_file_ref idref="fl-c"/>
      </object_component>
      <object_component id="oc-442">
         <name>.text:_isr:switch2_interrupt</name>
         <load_address>0x9784</load_address>
         <run_address>0x9784</run_address>
         <size>0x44</size>
         <input_file_ref idref="fl-c"/>
      </object_component>
      <object_component id="oc-490">
         <name>.text:_isr:_c_int00_noargs_mpu</name>
         <load_address>0x97c8</load_address>
         <run_address>0x97c8</run_address>
         <size>0x20</size>
         <input_file_ref idref="fl-4e"/>
      </object_component>
      <object_component id="oc-43d">
         <name>.text:_isr:__TI_ISR_TRAP</name>
         <load_address>0x97e8</load_address>
         <run_address>0x97e8</run_address>
         <size>0x8</size>
         <input_file_ref idref="fl-33"/>
      </object_component>
      <object_component id="oc-4cb">
         <name>.common:usb_rx_ring_wr</name>
         <uninitialized>true</uninitialized>
         <run_address>0x217a</run_address>
         <size>0x2</size>
      </object_component>
      <object_component id="oc-519">
         <name>.common:usb_tx_ring_wr</name>
         <uninitialized>true</uninitialized>
         <run_address>0x217c</run_address>
         <size>0x2</size>
      </object_component>
      <object_component id="oc-4cd">
         <name>.common:t_to_iot</name>
         <uninitialized>true</uninitialized>
         <run_address>0x2172</run_address>
         <size>0x2</size>
      </object_component>
      <object_component id="oc-4d2">
         <name>.common:temp3</name>
         <uninitialized>true</uninitialized>
         <run_address>0x2174</run_address>
         <size>0x2</size>
      </object_component>
      <object_component id="oc-4ce">
         <name>.common:IOT_Char_Tx</name>
         <uninitialized>true</uninitialized>
         <run_address>0x211c</run_address>
         <size>0x28</size>
      </object_component>
      <object_component id="oc-4d3">
         <name>.common:iot_rx_ring_wr</name>
         <uninitialized>true</uninitialized>
         <run_address>0x216a</run_address>
         <size>0x2</size>
      </object_component>
      <object_component id="oc-4d1">
         <name>.common:iot_tx_count</name>
         <uninitialized>true</uninitialized>
         <run_address>0x216c</run_address>
         <size>0x2</size>
      </object_component>
      <object_component id="oc-4cc">
         <name>.common:transfer</name>
         <uninitialized>true</uninitialized>
         <run_address>0x2176</run_address>
         <size>0x2</size>
      </object_component>
      <object_component id="oc-4d4">
         <name>.common:transfer2</name>
         <uninitialized>true</uninitialized>
         <run_address>0x2178</run_address>
         <size>0x2</size>
      </object_component>
      <object_component id="oc-4cf">
         <name>.common:USB_Char_Rx</name>
         <uninitialized>true</uninitialized>
         <run_address>0x2144</run_address>
         <size>0xc</size>
      </object_component>
      <object_component id="oc-4c8">
         <name>.common:USB_Char_Tx</name>
         <uninitialized>true</uninitialized>
         <run_address>0x2150</run_address>
         <size>0xc</size>
      </object_component>
      <object_component id="oc-662">
         <name>.common:bufferDS</name>
         <uninitialized>true</uninitialized>
         <run_address>0x2000</run_address>
         <size>0xa0</size>
      </object_component>
      <object_component id="oc-663">
         <name>.common:bufferlength</name>
         <uninitialized>true</uninitialized>
         <run_address>0x2166</run_address>
         <size>0x2</size>
      </object_component>
      <object_component id="oc-65a">
         <name>.common:bufferlength2</name>
         <uninitialized>true</uninitialized>
         <run_address>0x2168</run_address>
         <size>0x2</size>
      </object_component>
      <object_component id="oc-657">
         <name>.common:bufferDS2</name>
         <uninitialized>true</uninitialized>
         <run_address>0x20a0</run_address>
         <size>0x50</size>
      </object_component>
      <object_component id="oc-66b">
         <name>.common:proj9</name>
         <uninitialized>true</uninitialized>
         <run_address>0x2170</run_address>
         <size>0x2</size>
      </object_component>
      <object_component id="oc-772">
         <name>.common:per</name>
         <uninitialized>true</uninitialized>
         <run_address>0x216e</run_address>
         <size>0x2</size>
      </object_component>
      <object_component id="oc-4da">
         <name>.common:Time_Sequence</name>
         <uninitialized>true</uninitialized>
         <run_address>0x2164</run_address>
         <size>0x2</size>
      </object_component>
      <object_component id="oc-756">
         <name>.common:current_character</name>
         <uninitialized>true</uninitialized>
         <run_address>0x217e</run_address>
         <size>0x1</size>
      </object_component>
      <object_component id="oc-4e5">
         <name>.common:update_display</name>
         <uninitialized>true</uninitialized>
         <run_address>0x2180</run_address>
         <size>0x1</size>
      </object_component>
      <object_component id="oc-4b8">
         <name>.common:display_changed</name>
         <uninitialized>true</uninitialized>
         <run_address>0x217f</run_address>
         <size>0x1</size>
      </object_component>
      <object_component id="oc-55f">
         <name>.common:display_line</name>
         <uninitialized>true</uninitialized>
         <run_address>0x20f0</run_address>
         <size>0x2c</size>
      </object_component>
      <object_component id="oc-603">
         <name>.common:display</name>
         <uninitialized>true</uninitialized>
         <run_address>0x215c</run_address>
         <size>0x8</size>
      </object_component>
      <object_component id="oc-4c5">
         <name>.data</name>
         <load_address>0x21fc</load_address>
         <run_address>0x21fc</run_address>
         <size>0x2</size>
         <input_file_ref idref="fl-3"/>
      </object_component>
      <object_component id="oc-4d5">
         <name>.data:IOT_Char_Rx</name>
         <load_address>0x21e6</load_address>
         <run_address>0x21e6</run_address>
         <size>0xb</size>
         <input_file_ref idref="fl-3"/>
      </object_component>
      <object_component id="oc-4dd">
         <name>.data</name>
         <load_address>0x2182</load_address>
         <run_address>0x2182</run_address>
         <size>0x38</size>
         <input_file_ref idref="fl-9"/>
      </object_component>
      <object_component id="oc-66c">
         <name>.data:queue</name>
         <load_address>0x21f2</load_address>
         <run_address>0x21f2</run_address>
         <size>0xa</size>
         <input_file_ref idref="fl-9"/>
      </object_component>
      <object_component id="oc-4ac">
         <name>.data</name>
         <load_address>0x21da</load_address>
         <run_address>0x21da</run_address>
         <size>0xc</size>
         <input_file_ref idref="fl-c"/>
      </object_component>
      <object_component id="oc-4af">
         <name>.data</name>
         <load_address>0x21ba</load_address>
         <run_address>0x21ba</run_address>
         <size>0x20</size>
         <input_file_ref idref="fl-d"/>
      </object_component>
      <object_component id="oc-41c">
         <name>.stack</name>
         <uninitialized>true</uninitialized>
         <run_address>0x2f60</run_address>
         <size>0x2</size>
         <input_file_ref idref="fl-4e"/>
      </object_component>
      <object_component id="oc-7f6">
         <name>.stack</name>
         <uninitialized>true</uninitialized>
         <run_address>0x2f60</run_address>
         <size>0x0</size>
      </object_component>
      <object_component id="oc-72">
         <name>.int22</name>
         <load_address>0xffce</load_address>
         <run_address>0xffce</run_address>
         <size>0x2</size>
         <input_file_ref idref="fl-c"/>
      </object_component>
      <object_component id="oc-73">
         <name>.int23</name>
         <load_address>0xffd0</load_address>
         <run_address>0xffd0</run_address>
         <size>0x2</size>
         <input_file_ref idref="fl-32"/>
      </object_component>
      <object_component id="oc-74">
         <name>.int24</name>
         <load_address>0xffd2</load_address>
         <run_address>0xffd2</run_address>
         <size>0x2</size>
         <input_file_ref idref="fl-c"/>
      </object_component>
      <object_component id="oc-75">
         <name>.int25</name>
         <load_address>0xffd4</load_address>
         <run_address>0xffd4</run_address>
         <size>0x2</size>
         <input_file_ref idref="fl-34"/>
      </object_component>
      <object_component id="oc-76">
         <name>.int26</name>
         <load_address>0xffd6</load_address>
         <run_address>0xffd6</run_address>
         <size>0x2</size>
         <input_file_ref idref="fl-35"/>
      </object_component>
      <object_component id="oc-77">
         <name>.int27</name>
         <load_address>0xffd8</load_address>
         <run_address>0xffd8</run_address>
         <size>0x2</size>
         <input_file_ref idref="fl-36"/>
      </object_component>
      <object_component id="oc-78">
         <name>.int28</name>
         <load_address>0xffda</load_address>
         <run_address>0xffda</run_address>
         <size>0x2</size>
         <input_file_ref idref="fl-37"/>
      </object_component>
      <object_component id="oc-79">
         <name>.int29</name>
         <load_address>0xffdc</load_address>
         <run_address>0xffdc</run_address>
         <size>0x2</size>
         <input_file_ref idref="fl-d"/>
      </object_component>
      <object_component id="oc-7a">
         <name>.int30</name>
         <load_address>0xffde</load_address>
         <run_address>0xffde</run_address>
         <size>0x2</size>
         <input_file_ref idref="fl-38"/>
      </object_component>
      <object_component id="oc-7b">
         <name>.int31</name>
         <load_address>0xffe0</load_address>
         <run_address>0xffe0</run_address>
         <size>0x2</size>
         <input_file_ref idref="fl-39"/>
      </object_component>
      <object_component id="oc-7c">
         <name>.int32</name>
         <load_address>0xffe2</load_address>
         <run_address>0xffe2</run_address>
         <size>0x2</size>
         <input_file_ref idref="fl-3"/>
      </object_component>
      <object_component id="oc-7d">
         <name>.int33</name>
         <load_address>0xffe4</load_address>
         <run_address>0xffe4</run_address>
         <size>0x2</size>
         <input_file_ref idref="fl-3"/>
      </object_component>
      <object_component id="oc-7e">
         <name>.int34</name>
         <load_address>0xffe6</load_address>
         <run_address>0xffe6</run_address>
         <size>0x2</size>
         <input_file_ref idref="fl-3a"/>
      </object_component>
      <object_component id="oc-7f">
         <name>.int35</name>
         <load_address>0xffe8</load_address>
         <run_address>0xffe8</run_address>
         <size>0x2</size>
         <input_file_ref idref="fl-3b"/>
      </object_component>
      <object_component id="oc-80">
         <name>.int36</name>
         <load_address>0xffea</load_address>
         <run_address>0xffea</run_address>
         <size>0x2</size>
         <input_file_ref idref="fl-3c"/>
      </object_component>
      <object_component id="oc-81">
         <name>.int37</name>
         <load_address>0xffec</load_address>
         <run_address>0xffec</run_address>
         <size>0x2</size>
         <input_file_ref idref="fl-3d"/>
      </object_component>
      <object_component id="oc-82">
         <name>.int38</name>
         <load_address>0xffee</load_address>
         <run_address>0xffee</run_address>
         <size>0x2</size>
         <input_file_ref idref="fl-3e"/>
      </object_component>
      <object_component id="oc-83">
         <name>.int39</name>
         <load_address>0xfff0</load_address>
         <run_address>0xfff0</run_address>
         <size>0x2</size>
         <input_file_ref idref="fl-3f"/>
      </object_component>
      <object_component id="oc-84">
         <name>.int40</name>
         <load_address>0xfff2</load_address>
         <run_address>0xfff2</run_address>
         <size>0x2</size>
         <input_file_ref idref="fl-40"/>
      </object_component>
      <object_component id="oc-85">
         <name>.int41</name>
         <load_address>0xfff4</load_address>
         <run_address>0xfff4</run_address>
         <size>0x2</size>
         <input_file_ref idref="fl-41"/>
      </object_component>
      <object_component id="oc-86">
         <name>.int42</name>
         <load_address>0xfff6</load_address>
         <run_address>0xfff6</run_address>
         <size>0x2</size>
         <input_file_ref idref="fl-d"/>
      </object_component>
      <object_component id="oc-87">
         <name>.int43</name>
         <load_address>0xfff8</load_address>
         <run_address>0xfff8</run_address>
         <size>0x2</size>
         <input_file_ref idref="fl-d"/>
      </object_component>
      <object_component id="oc-88">
         <name>.int44</name>
         <load_address>0xfffa</load_address>
         <run_address>0xfffa</run_address>
         <size>0x2</size>
         <input_file_ref idref="fl-42"/>
      </object_component>
      <object_component id="oc-89">
         <name>.int45</name>
         <load_address>0xfffc</load_address>
         <run_address>0xfffc</run_address>
         <size>0x2</size>
         <input_file_ref idref="fl-43"/>
      </object_component>
      <object_component id="oc-41f">
         <name>.reset</name>
         <load_address>0xfffe</load_address>
         <run_address>0xfffe</run_address>
         <size>0x2</size>
         <input_file_ref idref="fl-4e"/>
      </object_component>
      <object_component id="oc-5d0">
         <name>.debug_info</name>
         <load_address>0x0</load_address>
         <run_address>0x0</run_address>
         <size>0x1f4</size>
         <input_file_ref idref="fl-2"/>
      </object_component>
      <object_component id="oc-545">
         <name>.debug_info</name>
         <load_address>0x1f4</load_address>
         <run_address>0x1f4</run_address>
         <size>0xe6</size>
         <input_file_ref idref="fl-2"/>
      </object_component>
      <object_component id="oc-426">
         <name>.debug_info</name>
         <load_address>0x2da</load_address>
         <run_address>0x2da</run_address>
         <size>0x84</size>
         <input_file_ref idref="fl-2"/>
      </object_component>
      <object_component id="oc-522">
         <name>.debug_info</name>
         <load_address>0x35e</load_address>
         <run_address>0x35e</run_address>
         <size>0x35</size>
         <input_file_ref idref="fl-2"/>
      </object_component>
      <object_component id="oc-4c9">
         <name>.debug_info</name>
         <load_address>0x393</load_address>
         <run_address>0x393</run_address>
         <size>0x6db</size>
         <input_file_ref idref="fl-3"/>
      </object_component>
      <object_component id="oc-4c6">
         <name>.debug_info</name>
         <load_address>0xa6e</load_address>
         <run_address>0xa6e</run_address>
         <size>0xbf</size>
         <input_file_ref idref="fl-3"/>
      </object_component>
      <object_component id="oc-4d6">
         <name>.debug_info</name>
         <load_address>0xb2d</load_address>
         <run_address>0xb2d</run_address>
         <size>0xc5</size>
         <input_file_ref idref="fl-3"/>
      </object_component>
      <object_component id="oc-56a">
         <name>.debug_info</name>
         <load_address>0xbf2</load_address>
         <run_address>0xbf2</run_address>
         <size>0x137</size>
         <input_file_ref idref="fl-3"/>
      </object_component>
      <object_component id="oc-44f">
         <name>.debug_info</name>
         <load_address>0xd29</load_address>
         <run_address>0xd29</run_address>
         <size>0x103</size>
         <input_file_ref idref="fl-3"/>
      </object_component>
      <object_component id="oc-457">
         <name>.debug_info</name>
         <load_address>0xe2c</load_address>
         <run_address>0xe2c</run_address>
         <size>0x103</size>
         <input_file_ref idref="fl-3"/>
      </object_component>
      <object_component id="oc-555">
         <name>.debug_info</name>
         <load_address>0xf2f</load_address>
         <run_address>0xf2f</run_address>
         <size>0x10c</size>
         <input_file_ref idref="fl-3"/>
      </object_component>
      <object_component id="oc-55b">
         <name>.debug_info</name>
         <load_address>0x103b</load_address>
         <run_address>0x103b</run_address>
         <size>0x10c</size>
         <input_file_ref idref="fl-3"/>
      </object_component>
      <object_component id="oc-5fd">
         <name>.debug_info</name>
         <load_address>0x1147</load_address>
         <run_address>0x1147</run_address>
         <size>0x219</size>
         <input_file_ref idref="fl-4"/>
      </object_component>
      <object_component id="oc-538">
         <name>.debug_info</name>
         <load_address>0x1360</load_address>
         <run_address>0x1360</run_address>
         <size>0x109</size>
         <input_file_ref idref="fl-4"/>
      </object_component>
      <object_component id="oc-574">
         <name>.debug_info</name>
         <load_address>0x1469</load_address>
         <run_address>0x1469</run_address>
         <size>0x115</size>
         <input_file_ref idref="fl-5"/>
      </object_component>
      <object_component id="oc-53c">
         <name>.debug_info</name>
         <load_address>0x157e</load_address>
         <run_address>0x157e</run_address>
         <size>0x11a</size>
         <input_file_ref idref="fl-7"/>
      </object_component>
      <object_component id="oc-658">
         <name>.debug_info</name>
         <load_address>0x1698</load_address>
         <run_address>0x1698</run_address>
         <size>0x7d2</size>
         <input_file_ref idref="fl-9"/>
      </object_component>
      <object_component id="oc-4de">
         <name>.debug_info</name>
         <load_address>0x1e6a</load_address>
         <run_address>0x1e6a</run_address>
         <size>0x42a</size>
         <input_file_ref idref="fl-9"/>
      </object_component>
      <object_component id="oc-66d">
         <name>.debug_info</name>
         <load_address>0x2294</load_address>
         <run_address>0x2294</run_address>
         <size>0xb9</size>
         <input_file_ref idref="fl-9"/>
      </object_component>
      <object_component id="oc-65c">
         <name>.debug_info</name>
         <load_address>0x234d</load_address>
         <run_address>0x234d</run_address>
         <size>0x1bf</size>
         <input_file_ref idref="fl-9"/>
      </object_component>
      <object_component id="oc-57a">
         <name>.debug_info</name>
         <load_address>0x250c</load_address>
         <run_address>0x250c</run_address>
         <size>0x150</size>
         <input_file_ref idref="fl-9"/>
      </object_component>
      <object_component id="oc-70d">
         <name>.debug_info</name>
         <load_address>0x265c</load_address>
         <run_address>0x265c</run_address>
         <size>0x24a</size>
         <input_file_ref idref="fl-9"/>
      </object_component>
      <object_component id="oc-665">
         <name>.debug_info</name>
         <load_address>0x28a6</load_address>
         <run_address>0x28a6</run_address>
         <size>0x161</size>
         <input_file_ref idref="fl-9"/>
      </object_component>
      <object_component id="oc-583">
         <name>.debug_info</name>
         <load_address>0x2a07</load_address>
         <run_address>0x2a07</run_address>
         <size>0x153</size>
         <input_file_ref idref="fl-9"/>
      </object_component>
      <object_component id="oc-766">
         <name>.debug_info</name>
         <load_address>0x2b5a</load_address>
         <run_address>0x2b5a</run_address>
         <size>0x133</size>
         <input_file_ref idref="fl-9"/>
      </object_component>
      <object_component id="oc-716">
         <name>.debug_info</name>
         <load_address>0x2c8d</load_address>
         <run_address>0x2c8d</run_address>
         <size>0x103</size>
         <input_file_ref idref="fl-9"/>
      </object_component>
      <object_component id="oc-4f5">
         <name>.debug_info</name>
         <load_address>0x2d90</load_address>
         <run_address>0x2d90</run_address>
         <size>0x20e</size>
         <input_file_ref idref="fl-9"/>
      </object_component>
      <object_component id="oc-586">
         <name>.debug_info</name>
         <load_address>0x2f9e</load_address>
         <run_address>0x2f9e</run_address>
         <size>0x142</size>
         <input_file_ref idref="fl-9"/>
      </object_component>
      <object_component id="oc-531">
         <name>.debug_info</name>
         <load_address>0x30e0</load_address>
         <run_address>0x30e0</run_address>
         <size>0x165</size>
         <input_file_ref idref="fl-a"/>
      </object_component>
      <object_component id="oc-5f1">
         <name>.debug_info</name>
         <load_address>0x3245</load_address>
         <run_address>0x3245</run_address>
         <size>0xf3</size>
         <input_file_ref idref="fl-a"/>
      </object_component>
      <object_component id="oc-5ea">
         <name>.debug_info</name>
         <load_address>0x3338</load_address>
         <run_address>0x3338</run_address>
         <size>0xf3</size>
         <input_file_ref idref="fl-a"/>
      </object_component>
      <object_component id="oc-5e5">
         <name>.debug_info</name>
         <load_address>0x342b</load_address>
         <run_address>0x342b</run_address>
         <size>0xf1</size>
         <input_file_ref idref="fl-a"/>
      </object_component>
      <object_component id="oc-5df">
         <name>.debug_info</name>
         <load_address>0x351c</load_address>
         <run_address>0x351c</run_address>
         <size>0xf0</size>
         <input_file_ref idref="fl-a"/>
      </object_component>
      <object_component id="oc-5d8">
         <name>.debug_info</name>
         <load_address>0x360c</load_address>
         <run_address>0x360c</run_address>
         <size>0xf0</size>
         <input_file_ref idref="fl-a"/>
      </object_component>
      <object_component id="oc-5d3">
         <name>.debug_info</name>
         <load_address>0x36fc</load_address>
         <run_address>0x36fc</run_address>
         <size>0xf0</size>
         <input_file_ref idref="fl-a"/>
      </object_component>
      <object_component id="oc-5f7">
         <name>.debug_info</name>
         <load_address>0x37ec</load_address>
         <run_address>0x37ec</run_address>
         <size>0xec</size>
         <input_file_ref idref="fl-a"/>
      </object_component>
      <object_component id="oc-773">
         <name>.debug_info</name>
         <load_address>0x38d8</load_address>
         <run_address>0x38d8</run_address>
         <size>0x2d6</size>
         <input_file_ref idref="fl-b"/>
      </object_component>
      <object_component id="oc-71d">
         <name>.debug_info</name>
         <load_address>0x3bae</load_address>
         <run_address>0x3bae</run_address>
         <size>0x174</size>
         <input_file_ref idref="fl-b"/>
      </object_component>
      <object_component id="oc-688">
         <name>.debug_info</name>
         <load_address>0x3d22</load_address>
         <run_address>0x3d22</run_address>
         <size>0x12e</size>
         <input_file_ref idref="fl-b"/>
      </object_component>
      <object_component id="oc-683">
         <name>.debug_info</name>
         <load_address>0x3e50</load_address>
         <run_address>0x3e50</run_address>
         <size>0x150</size>
         <input_file_ref idref="fl-b"/>
      </object_component>
      <object_component id="oc-67c">
         <name>.debug_info</name>
         <load_address>0x3fa0</load_address>
         <run_address>0x3fa0</run_address>
         <size>0x152</size>
         <input_file_ref idref="fl-b"/>
      </object_component>
      <object_component id="oc-671">
         <name>.debug_info</name>
         <load_address>0x40f2</load_address>
         <run_address>0x40f2</run_address>
         <size>0x146</size>
         <input_file_ref idref="fl-b"/>
      </object_component>
      <object_component id="oc-677">
         <name>.debug_info</name>
         <load_address>0x4238</load_address>
         <run_address>0x4238</run_address>
         <size>0x146</size>
         <input_file_ref idref="fl-b"/>
      </object_component>
      <object_component id="oc-4ad">
         <name>.debug_info</name>
         <load_address>0x437e</load_address>
         <run_address>0x437e</run_address>
         <size>0x1ea</size>
         <input_file_ref idref="fl-c"/>
      </object_component>
      <object_component id="oc-4bf">
         <name>.debug_info</name>
         <load_address>0x4568</load_address>
         <run_address>0x4568</run_address>
         <size>0x101</size>
         <input_file_ref idref="fl-c"/>
      </object_component>
      <object_component id="oc-443">
         <name>.debug_info</name>
         <load_address>0x4669</load_address>
         <run_address>0x4669</run_address>
         <size>0x11d</size>
         <input_file_ref idref="fl-c"/>
      </object_component>
      <object_component id="oc-4b3">
         <name>.debug_info</name>
         <load_address>0x4786</load_address>
         <run_address>0x4786</run_address>
         <size>0x101</size>
         <input_file_ref idref="fl-c"/>
      </object_component>
      <object_component id="oc-438">
         <name>.debug_info</name>
         <load_address>0x4887</load_address>
         <run_address>0x4887</run_address>
         <size>0x11d</size>
         <input_file_ref idref="fl-c"/>
      </object_component>
      <object_component id="oc-56e">
         <name>.debug_info</name>
         <load_address>0x49a4</load_address>
         <run_address>0x49a4</run_address>
         <size>0x105</size>
         <input_file_ref idref="fl-c"/>
      </object_component>
      <object_component id="oc-4db">
         <name>.debug_info</name>
         <load_address>0x4aa9</load_address>
         <run_address>0x4aa9</run_address>
         <size>0x5f1</size>
         <input_file_ref idref="fl-d"/>
      </object_component>
      <object_component id="oc-4b0">
         <name>.debug_info</name>
         <load_address>0x509a</load_address>
         <run_address>0x509a</run_address>
         <size>0x31e</size>
         <input_file_ref idref="fl-d"/>
      </object_component>
      <object_component id="oc-461">
         <name>.debug_info</name>
         <load_address>0x53b8</load_address>
         <run_address>0x53b8</run_address>
         <size>0x10e</size>
         <input_file_ref idref="fl-d"/>
      </object_component>
      <object_component id="oc-45b">
         <name>.debug_info</name>
         <load_address>0x54c6</load_address>
         <run_address>0x54c6</run_address>
         <size>0xfa</size>
         <input_file_ref idref="fl-d"/>
      </object_component>
      <object_component id="oc-60d">
         <name>.debug_info</name>
         <load_address>0x55c0</load_address>
         <run_address>0x55c0</run_address>
         <size>0xf9</size>
         <input_file_ref idref="fl-d"/>
      </object_component>
      <object_component id="oc-613">
         <name>.debug_info</name>
         <load_address>0x56b9</load_address>
         <run_address>0x56b9</run_address>
         <size>0xfc</size>
         <input_file_ref idref="fl-d"/>
      </object_component>
      <object_component id="oc-548">
         <name>.debug_info</name>
         <load_address>0x57b5</load_address>
         <run_address>0x57b5</run_address>
         <size>0x11d</size>
         <input_file_ref idref="fl-d"/>
      </object_component>
      <object_component id="oc-44a">
         <name>.debug_info</name>
         <load_address>0x58d2</load_address>
         <run_address>0x58d2</run_address>
         <size>0xef</size>
         <input_file_ref idref="fl-d"/>
      </object_component>
      <object_component id="oc-4b9">
         <name>.debug_info</name>
         <load_address>0x59c1</load_address>
         <run_address>0x59c1</run_address>
         <size>0x536</size>
         <input_file_ref idref="fl-e"/>
      </object_component>
      <object_component id="oc-621">
         <name>.debug_info</name>
         <load_address>0x5ef7</load_address>
         <run_address>0x5ef7</run_address>
         <size>0x12e</size>
         <input_file_ref idref="fl-e"/>
      </object_component>
      <object_component id="oc-62d">
         <name>.debug_info</name>
         <load_address>0x6025</load_address>
         <run_address>0x6025</run_address>
         <size>0x132</size>
         <input_file_ref idref="fl-e"/>
      </object_component>
      <object_component id="oc-627">
         <name>.debug_info</name>
         <load_address>0x6157</load_address>
         <run_address>0x6157</run_address>
         <size>0x138</size>
         <input_file_ref idref="fl-e"/>
      </object_component>
      <object_component id="oc-6d4">
         <name>.debug_info</name>
         <load_address>0x628f</load_address>
         <run_address>0x628f</run_address>
         <size>0x13c</size>
         <input_file_ref idref="fl-e"/>
      </object_component>
      <object_component id="oc-6d9">
         <name>.debug_info</name>
         <load_address>0x63cb</load_address>
         <run_address>0x63cb</run_address>
         <size>0x14f</size>
         <input_file_ref idref="fl-e"/>
      </object_component>
      <object_component id="oc-75d">
         <name>.debug_info</name>
         <load_address>0x651a</load_address>
         <run_address>0x651a</run_address>
         <size>0x1b6</size>
         <input_file_ref idref="fl-e"/>
      </object_component>
      <object_component id="oc-632">
         <name>.debug_info</name>
         <load_address>0x66d0</load_address>
         <run_address>0x66d0</run_address>
         <size>0x1cf</size>
         <input_file_ref idref="fl-e"/>
      </object_component>
      <object_component id="oc-6fc">
         <name>.debug_info</name>
         <load_address>0x689f</load_address>
         <run_address>0x689f</run_address>
         <size>0x1a9</size>
         <input_file_ref idref="fl-e"/>
      </object_component>
      <object_component id="oc-61a">
         <name>.debug_info</name>
         <load_address>0x6a48</load_address>
         <run_address>0x6a48</run_address>
         <size>0x12b</size>
         <input_file_ref idref="fl-e"/>
      </object_component>
      <object_component id="oc-6e0">
         <name>.debug_info</name>
         <load_address>0x6b73</load_address>
         <run_address>0x6b73</run_address>
         <size>0x146</size>
         <input_file_ref idref="fl-e"/>
      </object_component>
      <object_component id="oc-6e6">
         <name>.debug_info</name>
         <load_address>0x6cb9</load_address>
         <run_address>0x6cb9</run_address>
         <size>0x146</size>
         <input_file_ref idref="fl-e"/>
      </object_component>
      <object_component id="oc-6ec">
         <name>.debug_info</name>
         <load_address>0x6dff</load_address>
         <run_address>0x6dff</run_address>
         <size>0x146</size>
         <input_file_ref idref="fl-e"/>
      </object_component>
      <object_component id="oc-6f2">
         <name>.debug_info</name>
         <load_address>0x6f45</load_address>
         <run_address>0x6f45</run_address>
         <size>0x146</size>
         <input_file_ref idref="fl-e"/>
      </object_component>
      <object_component id="oc-638">
         <name>.debug_info</name>
         <load_address>0x708b</load_address>
         <run_address>0x708b</run_address>
         <size>0x191</size>
         <input_file_ref idref="fl-e"/>
      </object_component>
      <object_component id="oc-63e">
         <name>.debug_info</name>
         <load_address>0x721c</load_address>
         <run_address>0x721c</run_address>
         <size>0x14d</size>
         <input_file_ref idref="fl-e"/>
      </object_component>
      <object_component id="oc-54e">
         <name>.debug_info</name>
         <load_address>0x7369</load_address>
         <run_address>0x7369</run_address>
         <size>0x249</size>
         <input_file_ref idref="fl-e"/>
      </object_component>
      <object_component id="oc-64c">
         <name>.debug_info</name>
         <load_address>0x75b2</load_address>
         <run_address>0x75b2</run_address>
         <size>0x1ee</size>
         <input_file_ref idref="fl-e"/>
      </object_component>
      <object_component id="oc-605">
         <name>.debug_info</name>
         <load_address>0x77a0</load_address>
         <run_address>0x77a0</run_address>
         <size>0x13d</size>
         <input_file_ref idref="fl-f"/>
      </object_component>
      <object_component id="oc-69">
         <name>.debug_info</name>
         <load_address>0x78dd</load_address>
         <run_address>0x78dd</run_address>
         <size>0x2b8</size>
         <input_file_ref idref="fl-30"/>
      </object_component>
      <object_component id="oc-510">
         <name>.debug_info</name>
         <load_address>0x7b95</load_address>
         <run_address>0x7b95</run_address>
         <size>0x46</size>
         <input_file_ref idref="fl-30"/>
      </object_component>
      <object_component id="oc-4a4">
         <name>.debug_info</name>
         <load_address>0x7bdb</load_address>
         <run_address>0x7bdb</run_address>
         <size>0x39</size>
         <input_file_ref idref="fl-30"/>
      </object_component>
      <object_component id="oc-421">
         <name>.debug_info</name>
         <load_address>0x7c14</load_address>
         <run_address>0x7c14</run_address>
         <size>0x60</size>
         <input_file_ref idref="fl-30"/>
      </object_component>
      <object_component id="oc-436">
         <name>.debug_info</name>
         <load_address>0x7c74</load_address>
         <run_address>0x7c74</run_address>
         <size>0x1da</size>
         <input_file_ref idref="fl-31"/>
      </object_component>
      <object_component id="oc-6e">
         <name>.debug_info</name>
         <load_address>0x7e4e</load_address>
         <run_address>0x7e4e</run_address>
         <size>0x1f2</size>
         <input_file_ref idref="fl-31"/>
      </object_component>
      <object_component id="oc-431">
         <name>.debug_info</name>
         <load_address>0x8040</load_address>
         <run_address>0x8040</run_address>
         <size>0x46</size>
         <input_file_ref idref="fl-31"/>
      </object_component>
      <object_component id="oc-43f">
         <name>.debug_info</name>
         <load_address>0x8086</load_address>
         <run_address>0x8086</run_address>
         <size>0x10f</size>
         <input_file_ref idref="fl-33"/>
      </object_component>
      <object_component id="oc-46a">
         <name>.debug_info</name>
         <load_address>0x8195</load_address>
         <run_address>0x8195</run_address>
         <size>0x1d3</size>
         <input_file_ref idref="fl-44"/>
      </object_component>
      <object_component id="oc-4e8">
         <name>.debug_info</name>
         <load_address>0x8368</load_address>
         <run_address>0x8368</run_address>
         <size>0x46</size>
         <input_file_ref idref="fl-44"/>
      </object_component>
      <object_component id="oc-42d">
         <name>.debug_info</name>
         <load_address>0x83ae</load_address>
         <run_address>0x83ae</run_address>
         <size>0x121</size>
         <input_file_ref idref="fl-45"/>
      </object_component>
      <object_component id="oc-653">
         <name>.debug_info</name>
         <load_address>0x84cf</load_address>
         <run_address>0x84cf</run_address>
         <size>0x130</size>
         <input_file_ref idref="fl-47"/>
      </object_component>
      <object_component id="oc-770">
         <name>.debug_info</name>
         <load_address>0x85ff</load_address>
         <run_address>0x85ff</run_address>
         <size>0x130</size>
         <input_file_ref idref="fl-49"/>
      </object_component>
      <object_component id="oc-4e1">
         <name>.debug_info</name>
         <load_address>0x872f</load_address>
         <run_address>0x872f</run_address>
         <size>0x121</size>
         <input_file_ref idref="fl-4d"/>
      </object_component>
      <object_component id="oc-41d">
         <name>.debug_info</name>
         <load_address>0x8850</load_address>
         <run_address>0x8850</run_address>
         <size>0x100</size>
         <input_file_ref idref="fl-4e"/>
      </object_component>
      <object_component id="oc-491">
         <name>.debug_info</name>
         <load_address>0x8950</load_address>
         <run_address>0x8950</run_address>
         <size>0x193</size>
         <input_file_ref idref="fl-4e"/>
      </object_component>
      <object_component id="oc-509">
         <name>.debug_info</name>
         <load_address>0x8ae3</load_address>
         <run_address>0x8ae3</run_address>
         <size>0x1ae</size>
         <input_file_ref idref="fl-4f"/>
      </object_component>
      <object_component id="oc-5cb">
         <name>.debug_info</name>
         <load_address>0x8c91</load_address>
         <run_address>0x8c91</run_address>
         <size>0x18b</size>
         <input_file_ref idref="fl-4f"/>
      </object_component>
      <object_component id="oc-6a7">
         <name>.debug_info</name>
         <load_address>0x8e1c</load_address>
         <run_address>0x8e1c</run_address>
         <size>0x409</size>
         <input_file_ref idref="fl-51"/>
      </object_component>
      <object_component id="oc-5b1">
         <name>.debug_info</name>
         <load_address>0x9225</load_address>
         <run_address>0x9225</run_address>
         <size>0x216</size>
         <input_file_ref idref="fl-51"/>
      </object_component>
      <object_component id="oc-73e">
         <name>.debug_info</name>
         <load_address>0x943b</load_address>
         <run_address>0x943b</run_address>
         <size>0x39</size>
         <input_file_ref idref="fl-51"/>
      </object_component>
      <object_component id="oc-750">
         <name>.debug_info</name>
         <load_address>0x9474</load_address>
         <run_address>0x9474</run_address>
         <size>0x2c</size>
         <input_file_ref idref="fl-51"/>
      </object_component>
      <object_component id="oc-6b2">
         <name>.debug_info</name>
         <load_address>0x94a0</load_address>
         <run_address>0x94a0</run_address>
         <size>0x2c</size>
         <input_file_ref idref="fl-51"/>
      </object_component>
      <object_component id="oc-743">
         <name>.debug_info</name>
         <load_address>0x94cc</load_address>
         <run_address>0x94cc</run_address>
         <size>0xcd</size>
         <input_file_ref idref="fl-51"/>
      </object_component>
      <object_component id="oc-6a1">
         <name>.debug_info</name>
         <load_address>0x9599</load_address>
         <run_address>0x9599</run_address>
         <size>0x150</size>
         <input_file_ref idref="fl-52"/>
      </object_component>
      <object_component id="oc-4f1">
         <name>.debug_info</name>
         <load_address>0x96e9</load_address>
         <run_address>0x96e9</run_address>
         <size>0x153</size>
         <input_file_ref idref="fl-53"/>
      </object_component>
      <object_component id="oc-58f">
         <name>.debug_info</name>
         <load_address>0x983c</load_address>
         <run_address>0x983c</run_address>
         <size>0x122</size>
         <input_file_ref idref="fl-55"/>
      </object_component>
      <object_component id="oc-764">
         <name>.debug_info</name>
         <load_address>0x995e</load_address>
         <run_address>0x995e</run_address>
         <size>0x162</size>
         <input_file_ref idref="fl-59"/>
      </object_component>
      <object_component id="oc-709">
         <name>.debug_info</name>
         <load_address>0x9ac0</load_address>
         <run_address>0x9ac0</run_address>
         <size>0x273</size>
         <input_file_ref idref="fl-59"/>
      </object_component>
      <object_component id="oc-647">
         <name>.debug_info</name>
         <load_address>0x9d33</load_address>
         <run_address>0x9d33</run_address>
         <size>0x17c</size>
         <input_file_ref idref="fl-5a"/>
      </object_component>
      <object_component id="oc-562">
         <name>.debug_info</name>
         <load_address>0x9eaf</load_address>
         <run_address>0x9eaf</run_address>
         <size>0x24d</size>
         <input_file_ref idref="fl-5a"/>
      </object_component>
      <object_component id="oc-7f7">
         <name>.debug_info</name>
         <load_address>0xa0fc</load_address>
         <run_address>0xa0fc</run_address>
         <size>0x8e</size>
      </object_component>
      <object_component id="oc-6c2">
         <name>.debug_line</name>
         <load_address>0x0</load_address>
         <run_address>0x0</run_address>
         <size>0x68</size>
         <input_file_ref idref="fl-2"/>
      </object_component>
      <object_component id="oc-544">
         <name>.debug_line</name>
         <load_address>0x68</load_address>
         <run_address>0x68</run_address>
         <size>0x4e</size>
         <input_file_ref idref="fl-2"/>
      </object_component>
      <object_component id="oc-429">
         <name>.debug_line</name>
         <load_address>0xb6</load_address>
         <run_address>0xb6</run_address>
         <size>0x20</size>
         <input_file_ref idref="fl-2"/>
      </object_component>
      <object_component id="oc-525">
         <name>.debug_line</name>
         <load_address>0xd6</load_address>
         <run_address>0xd6</run_address>
         <size>0x77</size>
         <input_file_ref idref="fl-2"/>
      </object_component>
      <object_component id="oc-521">
         <name>.debug_line</name>
         <load_address>0x14d</load_address>
         <run_address>0x14d</run_address>
         <size>0xce</size>
         <input_file_ref idref="fl-3"/>
      </object_component>
      <object_component id="oc-51f">
         <name>.debug_line</name>
         <load_address>0x21b</load_address>
         <run_address>0x21b</run_address>
         <size>0x2d</size>
         <input_file_ref idref="fl-3"/>
      </object_component>
      <object_component id="oc-528">
         <name>.debug_line</name>
         <load_address>0x248</load_address>
[...]
         <object_component_ref idref="oc-65b"/>
      </symbol>
      <symbol id="sm-52c">
         <name>clcounter</name>
         <value>0x219e</value>
         <object_component_ref idref="oc-4dd"/>
      </symbol>
      <symbol id="sm-52d">
         <name>putty</name>
         <value>0x21ae</value>
         <object_component_ref idref="oc-4dd"/>
      </symbol>
      <symbol id="sm-52e">
         <name>popqueue</name>
         <value>0x930e</value>
         <object_component_ref idref="oc-715"/>
      </symbol>
      <symbol id="sm-52f">
         <name>nump</name>
         <value>0x2186</value>
         <object_component_ref idref="oc-4dd"/>
      </symbol>
      <symbol id="sm-530">
         <name>proj8</name>
         <value>0x21ac</value>
         <object_component_ref idref="oc-4dd"/>
      </symbol>
      <symbol id="sm-531">
         <name>waittime</name>
         <value>0x2192</value>
         <object_component_ref idref="oc-4dd"/>
      </symbol>
      <symbol id="sm-532">
         <name>queue</name>
         <value>0x21f2</value>
         <object_component_ref idref="oc-66c"/>
      </symbol>
      <symbol id="sm-533">
         <name>read_pointer</name>
         <value>0x2198</value>
         <object_component_ref idref="oc-4dd"/>
      </symbol>
      <symbol id="sm-534">
         <name>RMS</name>
         <value>0x2184</value>
         <object_component_ref idref="oc-4dd"/>
      </symbol>
      <symbol id="sm-56e">
         <name>Init_ADC</name>
         <value>0x8b08</value>
         <object_component_ref idref="oc-5f5"/>
      </symbol>
      <symbol id="sm-56f">
         <name>Init_Port6</name>
         <value>0x8914</value>
         <object_component_ref idref="oc-5ef"/>
      </symbol>
      <symbol id="sm-570">
         <name>Init_Port4</name>
         <value>0x888e</value>
         <object_component_ref idref="oc-5e3"/>
      </symbol>
      <symbol id="sm-571">
         <name>Init_Port5</name>
         <value>0x8cac</value>
         <object_component_ref idref="oc-5e9"/>
      </symbol>
      <symbol id="sm-572">
         <name>Init_Port2</name>
         <value>0x86c2</value>
         <object_component_ref idref="oc-5d7"/>
      </symbol>
      <symbol id="sm-573">
         <name>Init_Port3</name>
         <value>0x8802</value>
         <object_component_ref idref="oc-5dd"/>
      </symbol>
      <symbol id="sm-574">
         <name>Init_Port1</name>
         <value>0x8a90</value>
         <object_component_ref idref="oc-5d1"/>
      </symbol>
      <symbol id="sm-575">
         <name>Init_Ports</name>
         <value>0x92f0</value>
         <object_component_ref idref="oc-52f"/>
      </symbol>
      <symbol id="sm-5b4">
         <name>per</name>
         <value>0x216e</value>
      </symbol>
      <symbol id="sm-5b5">
         <name>run_stop</name>
         <value>0x91f8</value>
         <object_component_ref idref="oc-687"/>
      </symbol>
      <symbol id="sm-5b6">
         <name>run_90</name>
         <value>0x8d6e</value>
         <object_component_ref idref="oc-66f"/>
      </symbol>
      <symbol id="sm-5b7">
         <name>run_forward</name>
         <value>0x8e2e</value>
         <object_component_ref idref="oc-681"/>
      </symbol>
      <symbol id="sm-5b8">
         <name>run_45</name>
         <value>0x8d0e</value>
         <object_component_ref idref="oc-675"/>
      </symbol>
      <symbol id="sm-5b9">
         <name>wheel_speed</name>
         <value>0x922a</value>
         <object_component_ref idref="oc-71b"/>
      </symbol>
      <symbol id="sm-5ba">
         <name>run_backward</name>
         <value>0x8dce</value>
         <object_component_ref idref="oc-67b"/>
      </symbol>
      <symbol id="sm-5ec">
         <name>__TI_int24</name>
         <value>0xffd2</value>
         <object_component_ref idref="oc-74"/>
      </symbol>
      <symbol id="sm-5ed">
         <name>__TI_int22</name>
         <value>0xffce</value>
         <object_component_ref idref="oc-72"/>
      </symbol>
      <symbol id="sm-5ee">
         <name>charcount</name>
         <value>0x21e4</value>
         <object_component_ref idref="oc-4ac"/>
      </symbol>
      <symbol id="sm-5ef">
         <name>sw1_debounce</name>
         <value>0x21db</value>
         <object_component_ref idref="oc-4ac"/>
      </symbol>
      <symbol id="sm-5f0">
         <name>Switches_Process</name>
         <value>0x94ae</value>
         <object_component_ref idref="oc-56d"/>
      </symbol>
      <symbol id="sm-5f1">
         <name>sw2_position</name>
         <value>0x21dc</value>
         <object_component_ref idref="oc-4ac"/>
      </symbol>
      <symbol id="sm-5f2">
         <name>Switch1_Select</name>
         <value>0x8c48</value>
         <object_component_ref idref="oc-4b2"/>
      </symbol>
      <symbol id="sm-5f3">
         <name>switch1_interrupt</name>
         <value>0x9740</value>
         <object_component_ref idref="oc-437"/>
      </symbol>
      <symbol id="sm-5f4">
         <name>switch2_interrupt</name>
         <value>0x9784</value>
         <object_component_ref idref="oc-442"/>
      </symbol>
      <symbol id="sm-5f5">
         <name>start_transmission</name>
         <value>0x21e0</value>
         <object_component_ref idref="oc-4ac"/>
      </symbol>
      <symbol id="sm-5f6">
         <name>sw1_position</name>
         <value>0x21da</value>
         <object_component_ref idref="oc-4ac"/>
      </symbol>
      <symbol id="sm-5f7">
         <name>baudmode</name>
         <value>0x21e2</value>
         <object_component_ref idref="oc-4ac"/>
      </symbol>
      <symbol id="sm-5f8">
         <name>START_RUNNING</name>
         <value>0x21de</value>
         <object_component_ref idref="oc-4ac"/>
      </symbol>
      <symbol id="sm-5f9">
         <name>Switch2_Select</name>
         <value>0x9492</value>
         <object_component_ref idref="oc-4bd"/>
      </symbol>
      <symbol id="sm-5fa">
         <name>sw2_debounce</name>
         <value>0x21dd</value>
         <object_component_ref idref="oc-4ac"/>
      </symbol>
      <symbol id="sm-642">
         <name>Time_Sequence</name>
         <value>0x2164</value>
      </symbol>
      <symbol id="sm-643">
         <name>ADC_Channel</name>
         <value>0x21cc</value>
         <object_component_ref idref="oc-4af"/>
      </symbol>
      <symbol id="sm-644">
         <name>ADC_ISR</name>
         <value>0x94b2</value>
         <object_component_ref idref="oc-448"/>
      </symbol>
      <symbol id="sm-645">
         <name>blink_count</name>
         <value>0x21c0</value>
         <object_component_ref idref="oc-4af"/>
      </symbol>
      <symbol id="sm-646">
         <name>Init_Timers</name>
         <value>0x9480</value>
         <object_component_ref idref="oc-547"/>
      </symbol>
      <symbol id="sm-647">
         <name>__TI_int29</name>
         <value>0xffdc</value>
         <object_component_ref idref="oc-79"/>
      </symbol>
      <symbol id="sm-648">
         <name>__TI_int42</name>
         <value>0xfff6</value>
         <object_component_ref idref="oc-86"/>
      </symbol>
      <symbol id="sm-649">
         <name>__TI_int43</name>
         <value>0xfff8</value>
         <object_component_ref idref="oc-87"/>
      </symbol>
      <symbol id="sm-64a">
         <name>Timer0_B0_ISR</name>
         <value>0x9658</value>
         <object_component_ref idref="oc-460"/>
      </symbol>
      <symbol id="sm-64b">
         <name>Init_Timer_B3</name>
         <value>0x8f38</value>
         <object_component_ref idref="oc-612"/>
      </symbol>
      <symbol id="sm-64c">
         <name>Init_Timer_B0</name>
         <value>0x91c6</value>
         <object_component_ref idref="oc-60c"/>
      </symbol>
      <symbol id="sm-64d">
         <name>ADC_TW_Detect</name>
         <value>0x21ca</value>
         <object_component_ref idref="oc-4af"/>
      </symbol>
      <symbol id="sm-64e">
         <name>iot_en_start</name>
         <value>0x21d4</value>
         <object_component_ref idref="oc-4af"/>
      </symbol>
      <symbol id="sm-64f">
         <name>gotime</name>
         <value>0x21d8</value>
         <object_component_ref idref="oc-4af"/>
      </symbol>
      <symbol id="sm-650">
         <name>turncounter0</name>
         <value>0x21d2</value>
         <object_component_ref idref="oc-4af"/>
      </symbol>
      <symbol id="sm-651">
         <name>countersw1</name>
         <value>0x21c2</value>
         <object_component_ref idref="oc-4af"/>
      </symbol>
      <symbol id="sm-652">
         <name>countersw2</name>
         <value>0x21c4</value>
         <object_component_ref idref="oc-4af"/>
      </symbol>
      <symbol id="sm-653">
         <name>DAC_data</name>
         <value>0x21ce</value>
         <object_component_ref idref="oc-4af"/>
      </symbol>
      <symbol id="sm-654">
         <name>ADC_Left_Detect</name>
         <value>0x21c6</value>
         <object_component_ref idref="oc-4af"/>
      </symbol>
      <symbol id="sm-655">
         <name>circleActive</name>
         <value>0x21ba</value>
         <object_component_ref idref="oc-4af"/>
      </symbol>
      <symbol id="sm-656">
         <name>turncounter</name>
         <value>0x21d0</value>
         <object_component_ref idref="oc-4af"/>
      </symbol>
      <symbol id="sm-657">
         <name>circleTimer</name>
         <value>0x21bc</value>
         <object_component_ref idref="oc-4af"/>
      </symbol>
      <symbol id="sm-658">
         <name>TIMER0_B1_ISR</name>
         <value>0x95d4</value>
         <object_component_ref idref="oc-45a"/>
      </symbol>
      <symbol id="sm-659">
         <name>ADC_Right_Detect</name>
         <value>0x21c8</value>
         <object_component_ref idref="oc-4af"/>
      </symbol>
      <symbol id="sm-65a">
         <name>adjustcounter</name>
         <value>0x21be</value>
         <object_component_ref idref="oc-4af"/>
      </symbol>
      <symbol id="sm-65b">
         <name>iot_en_timer</name>
         <value>0x21d6</value>
         <object_component_ref idref="oc-4af"/>
      </symbol>
      <symbol id="sm-6ea">
         <name>current_character</name>
         <value>0x217e</value>
      </symbol>
      <symbol id="sm-6eb">
         <name>update_display</name>
         <value>0x2180</value>
      </symbol>
      <symbol id="sm-6ec">
         <name>display_changed</name>
         <value>0x217f</value>
      </symbol>
      <symbol id="sm-6ed">
         <name>display_line</name>
         <value>0x20f0</value>
      </symbol>
      <symbol id="sm-6ee">
         <name>display</name>
         <value>0x215c</value>
      </symbol>
      <symbol id="sm-6ef">
         <name>ClrDisplay_Buffer_2</name>
         <value>0x93ae</value>
         <object_component_ref idref="oc-6eb"/>
      </symbol>
      <symbol id="sm-6f0">
         <name>ClrDisplay_Buffer_3</name>
         <value>0x93c6</value>
         <object_component_ref idref="oc-6f1"/>
      </symbol>
      <symbol id="sm-6f1">
         <name>ClrDisplay_Buffer_0</name>
         <value>0x937e</value>
         <object_component_ref idref="oc-6df"/>
      </symbol>
      <symbol id="sm-6f2">
         <name>ClrDisplay_Buffer_1</name>
         <value>0x9396</value>
         <object_component_ref idref="oc-6e5"/>
      </symbol>
      <symbol id="sm-6f3">
         <name>spi_chipselect_idle</name>
         <value>0x943a</value>
         <object_component_ref idref="oc-625"/>
      </symbol>
      <symbol id="sm-6f4">
         <name>WriteIns</name>
         <value>0x9282</value>
         <object_component_ref idref="oc-631"/>
      </symbol>
      <symbol id="sm-6f5">
         <name>spi_reset_active</name>
         <value>0x949e</value>
         <object_component_ref idref="oc-62b"/>
      </symbol>
      <symbol id="sm-6f6">
         <name>WriteData</name>
         <value>0x925a</value>
         <object_component_ref idref="oc-75c"/>
      </symbol>
      <symbol id="sm-6f7">
         <name>DisplayOnOff</name>
         <value>0x9472</value>
         <object_component_ref idref="oc-63d"/>
      </symbol>
      <symbol id="sm-6f8">
         <name>spi_chipselect_active</name>
         <value>0x9450</value>
         <object_component_ref idref="oc-6d2"/>
      </symbol>
      <symbol id="sm-6f9">
         <name>lcd_out</name>
         <value>0x9348</value>
         <object_component_ref idref="oc-6fb"/>
      </symbol>
      <symbol id="sm-6fa">
         <name>Display_Update</name>
         <value>0x9018</value>
         <object_component_ref idref="oc-64b"/>
      </symbol>
      <symbol id="sm-6fb">
         <name>Init_LCD</name>
         <value>0x8540</value>
         <object_component_ref idref="oc-54d"/>
      </symbol>
      <symbol id="sm-6fc">
         <name>SPI_B1_write</name>
         <value>0x932c</value>
         <object_component_ref idref="oc-6d8"/>
      </symbol>
      <symbol id="sm-6fd">
         <name>Init_SPI_B1</name>
         <value>0x905c</value>
         <object_component_ref idref="oc-619"/>
      </symbol>
      <symbol id="sm-6fe">
         <name>spi_reset_idle</name>
         <value>0x94a4</value>
         <object_component_ref idref="oc-61f"/>
      </symbol>
      <symbol id="sm-6ff">
         <name>ClrDisplay</name>
         <value>0x940e</value>
         <object_component_ref idref="oc-637"/>
      </symbol>
      <symbol id="sm-708">
         <name>enable_interrupts</name>
         <value>0x948a</value>
         <object_component_ref idref="oc-604"/>
      </symbol>
      <symbol id="sm-729">
         <name>__TI_decompress_lzss</name>
         <value>0x80f2</value>
         <object_component_ref idref="oc-66"/>
      </symbol>
      <symbol id="sm-73a">
         <name>__TI_decompress_none</name>
         <value>0x9156</value>
         <object_component_ref idref="oc-6c"/>
      </symbol>
      <symbol id="sm-73d">
         <name>__TI_int23</name>
         <value>0xffd0</value>
         <object_component_ref idref="oc-73"/>
      </symbol>
      <symbol id="sm-745">
         <name>__TI_ISR_TRAP</name>
         <value>0x97e8</value>
         <object_component_ref idref="oc-43d"/>
      </symbol>
      <symbol id="sm-748">
         <name>__TI_int25</name>
         <value>0xffd4</value>
         <object_component_ref idref="oc-75"/>
      </symbol>
      <symbol id="sm-74b">
         <name>__TI_int26</name>
         <value>0xffd6</value>
         <object_component_ref idref="oc-76"/>
      </symbol>
      <symbol id="sm-74e">
         <name>__TI_int27</name>
         <value>0xffd8</value>
         <object_component_ref idref="oc-77"/>
      </symbol>
      <symbol id="sm-751">
         <name>__TI_int28</name>
         <value>0xffda</value>
         <object_component_ref idref="oc-78"/>
      </symbol>
      <symbol id="sm-754">
         <name>__TI_int30</name>
         <value>0xffde</value>
         <object_component_ref idref="oc-7a"/>
      </symbol>
      <symbol id="sm-757">
         <name>__TI_int31</name>
         <value>0xffe0</value>
         <object_component_ref idref="oc-7b"/>
      </symbol>
      <symbol id="sm-75a">
         <name>__TI_int34</name>
         <value>0xffe6</value>
         <object_component_ref idref="oc-7e"/>
      </symbol>
      <symbol id="sm-75d">
         <name>__TI_int35</name>
         <value>0xffe8</value>
         <object_component_ref idref="oc-7f"/>
      </symbol>
      <symbol id="sm-760">
         <name>__TI_int36</name>
         <value>0xffea</value>
         <object_component_ref idref="oc-80"/>
      </symbol>
      <symbol id="sm-763">
         <name>__TI_int37</name>
         <value>0xffec</value>
         <object_component_ref idref="oc-81"/>
      </symbol>
      <symbol id="sm-766">
         <name>__TI_int38</name>
         <value>0xffee</value>
         <object_component_ref idref="oc-82"/>
      </symbol>
      <symbol id="sm-769">
         <name>__TI_int39</name>
         <value>0xfff0</value>
         <object_component_ref idref="oc-83"/>
      </symbol>
      <symbol id="sm-76c">
         <name>__TI_int40</name>
         <value>0xfff2</value>
         <object_component_ref idref="oc-84"/>
      </symbol>
      <symbol id="sm-76f">
         <name>__TI_int41</name>
         <value>0xfff4</value>
         <object_component_ref idref="oc-85"/>
      </symbol>
      <symbol id="sm-772">
         <name>__TI_int44</name>
         <value>0xfffa</value>
         <object_component_ref idref="oc-88"/>
      </symbol>
      <symbol id="sm-775">
         <name>__TI_int45</name>
         <value>0xfffc</value>
         <object_component_ref idref="oc-89"/>
      </symbol>
      <symbol id="sm-785">
         <name>__TI_zero_init_nomemset</name>
         <value>0x90dc</value>
         <object_component_ref idref="oc-466"/>
      </symbol>
      <symbol id="sm-790">
         <name>__memcpy_far</name>
         <value>0x909c</value>
         <object_component_ref idref="oc-42b"/>
      </symbol>
      <symbol id="sm-799">
         <name>__mspabi_mpyi_f5hw</name>
         <value>0x93de</value>
         <object_component_ref idref="oc-652"/>
      </symbol>
      <symbol id="sm-7a2">
         <name>__mspabi_mpyl_f5hw</name>
         <value>0x92aa</value>
         <object_component_ref idref="oc-76d"/>
      </symbol>
      <symbol id="sm-7af">
         <name>__mspabi_remu</name>
         <value>0x9424</value>
         <object_component_ref idref="oc-4e0"/>
      </symbol>
      <symbol id="sm-7b0">
         <name>__mspabi_divu</name>
         <value>0x9424</value>
         <object_component_ref idref="oc-4e0"/>
      </symbol>
      <symbol id="sm-7c0">
         <name>_c_int00_noargs_mpu</name>
         <value>0x97c8</value>
         <object_component_ref idref="oc-490"/>
      </symbol>
      <symbol id="sm-7c1">
         <name>_stack</name>
         <value>0x2f60</value>
         <object_component_ref idref="oc-41c"/>
      </symbol>
      <symbol id="sm-7c2">
         <name>_reset_vector</name>
         <value>0xfffe</value>
         <object_component_ref idref="oc-41f"/>
      </symbol>
      <symbol id="sm-7d0">
         <name>__mpu_init</name>
         <value>0x911a</value>
         <object_component_ref idref="oc-506"/>
      </symbol>
      <symbol id="sm-7f3">
         <name>__TI_auto_init_nobinit_nopinit_hold_wdt</name>
         <value>0x8b76</value>
         <object_component_ref idref="oc-5b0"/>
      </symbol>
      <symbol id="sm-7fc">
         <name>_system_post_cinit</name>
         <value>0x94b0</value>
         <object_component_ref idref="oc-6a0"/>
      </symbol>
      <symbol id="sm-805">
         <name>_system_pre_init</name>
         <value>0x94aa</value>
         <object_component_ref idref="oc-4ee"/>
      </symbol>
      <symbol id="sm-810">
         <name>C$$EXIT</name>
         <value>0x9498</value>
         <object_component_ref idref="oc-58c"/>
      </symbol>
      <symbol id="sm-811">
         <name>abort</name>
         <value>0x9498</value>
         <object_component_ref idref="oc-58c"/>
      </symbol>
      <symbol id="sm-822">
         <name>strcmp</name>
         <value>0x93f6</value>
         <object_component_ref idref="oc-705"/>
      </symbol>
      <symbol id="sm-82f">
         <name>strcpy</name>
         <value>0x9462</value>
         <object_component_ref idref="oc-561"/>
      </symbol>
   </symbol_table>
   <title>Link successful</title>
</link_info>
